============================================================
PROJECT 1: Literature Gap Analysis
Date: 2026-06-29 07:09
PubMed date range: 2020/01/01 to 2026/06/29
Domains: 30
Pairs to query: 435
============================================================

[1/3] Querying individual domain publication counts...
  [1/30] Beta Cell Regen: 1,445 publications
  [2/30] Insulin Resistance: 19,794 publications
  [3/30] Autoimmunity T1D: 4,534 publications
  [4/30] Islet Transplant: 247 publications
  [5/30] GWAS / Polygenic: 5,265 publications
  [6/30] Epigenetics: 7,469 publications
  [7/30] Gene Therapy: 2,264 publications
  [8/30] Treg / CAR-T: 935 publications
  [9/30] GLP-1 Agonists: 12,918 publications
  [10/30] SGLT2 Inhibitors: 7,330 publications
  [11/30] Glucokinase: 849 publications
  [12/30] Microbiome Gut: 10,216 publications
  [13/30] Personalized Nutr: 649 publications
  [14/30] Proteomics: 4,755 publications
  [15/30] Metabolomics: 12,357 publications
  [16/30] Multi-Omics: 1,634 publications
  [17/30] AI / ML Predict: 11,211 publications
  [18/30] Drug Repurposing: 600 publications
  [19/30] Retinopathy: 16,663 publications
  [20/30] Nephropathy DKD: 13,902 publications
  [21/30] Neuropathy: 3,130 publications
  [22/30] CV Complications: 25,531 publications
  [23/30] Closed Loop / AP: 1,875 publications
  [24/30] CGM Technology: 6,615 publications
  [25/30] Health Equity: 1,968 publications
  [26/30] Youth Diabetes: 7,940 publications
  [27/30] LADA: 572 publications
  [28/30] Gestational DM: 15,060 publications
  [29/30] Prevention / DPP: 79,337 publications
  [30/30] Remission T2D: 4,239 publications

[2/3] Querying pairwise domain publication counts...
  [1/435] (0%) Beta Cell Regen x Insulin Resistance: 73
  [20/435] (5%) Beta Cell Regen x Neuropathy: 3
