============================================================
BASELINE: Clinical Trial Snapshot
Date: 2026-07-03
============================================================

  Querying: T1D Cure & Cell Therapy...
    Found: 152 trials

  Querying: T1D Immunotherapy & Prevention...
    Found: 74 trials

  Querying: T2D Novel Therapies (Phase 2-3)...
    Found: 147 trials

  Querying: Diabetes Technology (Devices)...
    Found: 230 trials

  Querying: Diabetes Recently Completed with Results...
    Found: 310 trials

  Total unique trials: 839

  Saved: /sessions/dazzling-tender-mayer/mnt/Diabetes_Research/Analysis/Scripts/../Results/clinical_trials_snapshot_2026-07-03.json
  Saved: /sessions/dazzling-tender-mayer/mnt/Diabetes_Research/Analysis/Scripts/../Results/clinical_trials_summary.md

============================================================
SNAPSHOT COMPLETE
============================================================
  Unique trials: 839
  With results:  0
  By status:
    COMPLETED: 310
    RECRUITING: 261
    NOT_YET_RECRUITING: 150
    ACTIVE_NOT_RECRUITING: 111
    ENROLLING_BY_INVITATION: 7

  Top sponsors:
    Eli Lilly and Company: 31
    Novo Nordisk A/S: 29
    Medtronic MiniMed, Inc.: 11
    Insulet Corporation: 10
    University of California, San Francisco: 9
