============================================================
BASELINE: PubMed Recent Publications Tracker
Date: 2026-07-03
Lookback: 30 days
Alert queries: 16
============================================================

  [T1D Stem Cell Cure]
    Total in last 30 days: 13
    Fetching top 10 details...
    Latest: Omega-3 polyunsaturated fatty acids are associated with microbiota-rel...

  [T1D Immunotherapy]
    Total in last 30 days: 28
    Fetching top 10 details...
    Latest: Increased Nur77 is disconnected from TCR affinity in insulin-specific ...

  [T2D GLP-1 New]
    Total in last 30 days: 174
    Fetching top 10 details...
    Latest: A Validated, Modifiable Proteomic Score from the EXSCEL Trial Predicts...

  [T2D Remission]
    Total in last 30 days: 51
    Fetching top 10 details...
    Latest: Outcomes of Metabolic and Bariatric Surgery Among Adolescents and Youn...

  [Diabetes AI/ML]
    Total in last 30 days: 200
    Fetching top 10 details...
    Latest: Dual branch fundus deep learning network as an enhanced multi classifi...

  [Diabetes Biomarker]
    Total in last 30 days: 121
    Fetching top 10 details...
    Latest: A Validated, Modifiable Proteomic Score from the EXSCEL Trial Predicts...

  [Diabetes Microbiome]
    Total in last 30 days: 162
    Fetching top 10 details...
    Latest: Research progress and mechanistic exploration of Ophiopogon japonicus ...

  [Diabetes Gene Therapy]
    Total in last 30 days: 49
    Fetching top 10 details...
    Latest: Epigenetic regulation of non-apoptotic regulated cell death....

  [Closed Loop AP]
    Total in last 30 days: 32
    Fetching top 10 details...
    Latest: Impact of Technology Introduction on Glycemic Control of People Living...

  [Diabetes Drug Repurpose]
    Total in last 30 days: 8
    Fetching top 8 details...
    Latest: Metformin in endometrial cancer from metabolic regulation to precision...

  [Diabetes Epigenetics]
    Total in last 30 days: 5
    Fetching top 5 details...
    Latest: Genome-wide DNA methylation profiling during metabolic dysfunction-ass...

  [Diabetes Complications New]
    Total in last 30 days: 31
    Fetching top 10 details...
    Latest: Microglia-derived exosomal miR-31-5p promotes type 2 diabetic retinopa...

  [Diabetes Health Equity]
    Total in last 30 days: 61
    Fetching top 10 details...
    Latest: Understanding digital health literacy in the arab world: a study of ar...

  [LADA New Research]
    Total in last 30 days: 8
    Fetching top 8 details...
    Latest: Metabolomic profile differs between LADA and type 1 diabetes identifyi...

  [Diabetes Multi-Omics]
    Total in last 30 days: 48
    Fetching top 10 details...
    Latest: UHPLC/Q-TOF-MS-based blood-component profiling and multi-omics analysi...

  [GLP-1 Pharmacogenomics]
    Total in last 30 days: 0
    Fetching top 0 details...

  [Key Therapy Abstract Search]
    zimislecel: 0 papers
    orforglipron: 10 papers (fetched 5)
    retatrutide: 5 papers (fetched 5)
    CagriSema: 5 papers (fetched 5)
    baricitinib: 4 papers (fetched 4)
    teplizumab: 7 papers (fetched 5)
    icodec: 5 papers (fetched 5)
    dapagliflozin: 52 papers (fetched 5)

  Saved: /sessions/dazzling-tender-mayer/mnt/Diabetes_Research/Analysis/Scripts/../Results/pubmed_recent_snapshot_2026-07-03.json
  Saved: /sessions/dazzling-tender-mayer/mnt/Diabetes_Research/Analysis/Scripts/../Results/pubmed_recent_summary.md

============================================================
COMPLETE
============================================================
  Unique papers: 160
  Cross-domain:  14
  Domains with HIGH activity:
    Diabetes AI/ML: 200
    T2D GLP-1 New: 174
    Diabetes Microbiome: 162
    Diabetes Biomarker: 121
    Diabetes Health Equity: 61
