Scanning hub: /sessions/dazzling-tender-mayer/mnt/Diabetes_Research

Files tracked: 1004
  Added:     3
  Modified:  16
  Removed:   0
  Unchanged: 985

Report saved: /sessions/dazzling-tender-mayer/mnt/Diabetes_Research/Analysis/Scripts/../Results/hub_monitor_report.md
State saved:  /sessions/dazzling-tender-mayer/mnt/Diabetes_Research/Analysis/Scripts/../Results/hub_monitor_state.json

--- Changes Detected ---
  [NEW] Analysis/Results/clinical_trials_snapshot_2026-07-03.json
  [NEW] Analysis/Results/monitor_report_2026-07-02.md
  [NEW] Analysis/Results/pubmed_recent_snapshot_2026-07-03.json
  [MOD] Analysis/Results/agent_state.json
  [MOD] Analysis/Results/clinical_trials_latest.json
  [MOD] Analysis/Results/clinical_trials_summary.md
  [MOD] Analysis/Results/hub_monitor_report.md
  [MOD] Analysis/Results/hub_monitor_state.json
  [MOD] Analysis/Results/literature_gap_report.md
  [MOD] Analysis/Results/pmid_verification.json
  [MOD] Analysis/Results/pubmed_recent_latest.json
  [MOD] Analysis/Results/pubmed_recent_summary.md
  [MOD] Analysis/Results/unfound_pmids.json
  [MOD] Dashboards/Clinical_Trial_Dashboard.html
  [MOD] Dashboards/Drug_Repurposing_Islet.html
  [MOD] Dashboards/Gap_Deep_Dives.html
  [MOD] Dashboards/Islet_Transplant_Analysis.html
  [MOD] Dashboards/PMID_Verification.html
  [MOD] Research_Findings_Summary.md

--- Snapshot Diffs ---
  [trials] +4 new, -1 dropped, ~2 changed
  [pubmed] +37 new, -38 dropped, ~0 changed
